// Jest Snapshot v1, https://goo.gl/fbAQLP

exports[`should correctly render BugList 1`] = `
<Provider
  store={
    Object {
      "dispatch": [Function],
      "getState": [Function],
      "replaceReducer": [Function],
      "subscribe": [Function],
      Symbol(observable): [Function],
    }
  }
>
  <BugList>
    <ul />
  </BugList>
</Provider>
`;
